// Jest Snapshot v1, https://goo.gl/fbAQLP

exports[`PhoneNumberInput no props renders correctly 1`] = `
<div>
  <input
    onBlur={[Function]}
    type="text"
    value={undefined}
  />
</div>
`;
